// Jest Snapshot v1, https://goo.gl/fbAQLP

exports[`Home should render correctly 1`] = `
[
  <Text
    style={
      {
        "color": "#fff",
        "fontSize": 40,
        "fontWeight": "900",
        "paddingBottom": 25,
      }
    }
  >
    Glareola
  </Text>,
  <Image
    accessibilityLabel="Collared pratincole (Glareola pratincola)"
    accessibilityRole="image"
    source={1}
    style={
      {
        "margin": 30,
        "maxHeight": "50%",
        "maxWidth": "90%",
        "resizeMode": "contain",
      }
    }
  />,
  <Text
    style={
      {
        "color": "#fff",
        "fontSize": 14,
        "fontWeight": "500",
      }
    }
  >
    A crawler for rarity observations
  </Text>,
  <Text
    style={
      {
        "color": "#fff",
        "fontSize": 10,
        "fontWeight": "300",
      }
    }
  >
    0.0.8
  </Text>,
]
`;
