// Jest Snapshot v1, https://goo.gl/fbAQLP

exports[`About should render correctly 1`] = `
<RCTScrollView>
  <View>
    <Text
      style={
        {
          "color": "#fff",
          "fontSize": 18,
          "fontWeight": "700",
          "padding": 10,
          "textAlign": "center",
          "textAlignVertical": "bottom",
        }
      }
    >
      Glareola
    </Text>
    <Text
      style={
        {
          "color": "#fff",
          "fontSize": 14,
          "fontWeight": "500",
        }
      }
    >
      A crawler for rarity observations
    </Text>
    <Text
      style={
        {
          "color": "#fff",
          "fontSize": 14,
          "fontWeight": "500",
        }
      }
    >
      Attila Ferenc
    </Text>
    <Text
      style={
        {
          "color": "#fff",
          "fontSize": 14,
          "fontWeight": "500",
        }
      }
    >
      0.0.8
    </Text>
    <Text
      style={
        {
          "color": "#fff",
          "fontSize": 14,
          "fontWeight": "500",
        }
      }
    >
      2023-10-10
    </Text>
    <Text
      style={
        {
          "color": "#fff",
          "fontSize": 14,
          "fontWeight": "500",
        }
      }
    >
      MIT
    </Text>
    <Text
      style={
        {
          "color": "#fff",
          "fontSize": 18,
          "fontWeight": "700",
          "padding": 10,
          "textAlign": "center",
          "textAlignVertical": "bottom",
        }
      }
    >
      Cover Image
    </Text>
    <Text
      style={
        {
          "color": "#fff",
          "fontSize": 14,
          "fontWeight": "500",
        }
      }
    >
      Collared pratincole (Glareola pratincola)
    </Text>
    <Text
      style={
        {
          "color": "#fff",
          "fontSize": 14,
          "fontWeight": "500",
        }
      }
    >
      Saswat Mishra
    </Text>
    <Text
      style={
        {
          "color": "#fff",
          "fontSize": 14,
          "fontWeight": "500",
        }
      }
    >
      2018-03-30
    </Text>
    <Text
      style={
        {
          "color": "#fff",
          "fontSize": 14,
          "fontWeight": "500",
        }
      }
    >
      Nal Sarovar, Gujarat, India
    </Text>
    <Text
      style={
        {
          "color": "#fff",
          "fontSize": 14,
          "fontWeight": "500",
        }
      }
    >
      CC-BY-SA-4.0
    </Text>
    <Text
      style={
        {
          "color": "#fff",
          "fontSize": 18,
          "fontWeight": "700",
          "padding": 10,
          "textAlign": "center",
          "textAlignVertical": "bottom",
        }
      }
    >
      Icon Image
    </Text>
    <Text
      style={
        {
          "color": "#fff",
          "fontSize": 14,
          "fontWeight": "500",
        }
      }
    >
      Collared pratincole (Glareola pratincola) portrait
    </Text>
    <Text
      style={
        {
          "color": "#fff",
          "fontSize": 14,
          "fontWeight": "500",
        }
      }
    >
      Ludovic Hirlimann
    </Text>
    <Text
      style={
        {
          "color": "#fff",
          "fontSize": 14,
          "fontWeight": "500",
        }
      }
    >
      2010-05-16
    </Text>
    <Text
      style={
        {
          "color": "#fff",
          "fontSize": 14,
          "fontWeight": "500",
        }
      }
    >
      Amboseli National Park, Kenya
    </Text>
    <Text
      style={
        {
          "color": "#fff",
          "fontSize": 14,
          "fontWeight": "500",
        }
      }
    >
      CC-BY-SA-3.0
    </Text>
  </View>
</RCTScrollView>
`;
