// Jest Snapshot v1, https://goo.gl/fbAQLP

exports[`Loading renders correctly 1`] = `
<ActivityIndicator
  accessibilityLabel="loading"
  color="#4d9460"
  size="large"
  style={
    {
      "alignItems": "center",
      "alignSelf": "center",
      "flex": 1,
      "justifyContent": "center",
    }
  }
/>
`;
